
> Configure project :app
Warning: The 'kotlin-android-extensions' Gradle plugin is deprecated. Please use this migration guide (https://goo.gle/kotlin-android-extensions-deprecation) to start working with View Binding (https://developer.android.com/topic/libraries/view-binding) and the 'kotlin-parcelize' plugin.
WARNING: We recommend using a newer Android Gradle plugin to use compileSdk = 34

This Android Gradle plugin (8.0.2) was tested up to compileSdk = 33.

You are strongly encouraged to update your project to use a newer
Android Gradle plugin that has been tested with compileSdk = 34.

If you are already using the latest version of the Android Gradle plugin,
you may need to wait until a newer version with support for compileSdk = 34 is available.

To suppress this warning, add/update
    android.suppressUnsupportedCompileSdk=34
to this project's gradle.properties.

> Task :app:preBuild UP-TO-DATE
> Task :app:preDebugBuild UP-TO-DATE
> Task :app:mergeDebugNativeDebugMetadata NO-SOURCE
> Task :app:checkDebugAarMetadata UP-TO-DATE
> Task :app:generateDebugResValues UP-TO-DATE
> Task :app:processDebugGoogleServices UP-TO-DATE
> Task :app:mapDebugSourceSetPaths UP-TO-DATE
> Task :app:generateDebugResources UP-TO-DATE
> Task :app:mergeDebugResources UP-TO-DATE
> Task :app:packageDebugResources UP-TO-DATE
> Task :app:parseDebugLocalResources UP-TO-DATE
> Task :app:createDebugCompatibleScreenManifests UP-TO-DATE
> Task :app:extractDeepLinksDebug UP-TO-DATE
> Task :app:processDebugMainManifest UP-TO-DATE
> Task :app:processDebugManifest UP-TO-DATE
> Task :app:processDebugManifestForPackage UP-TO-DATE
> Task :app:javaPreCompileDebug UP-TO-DATE
> Task :app:mergeDebugShaders UP-TO-DATE
> Task :app:compileDebugShaders NO-SOURCE
> Task :app:generateDebugAssets UP-TO-DATE
> Task :app:mergeDebugAssets UP-TO-DATE
> Task :app:compressDebugAssets UP-TO-DATE
> Task :app:processDebugJavaRes NO-SOURCE
> Task :app:checkDebugDuplicateClasses UP-TO-DATE
> Task :app:desugarDebugFileDependencies UP-TO-DATE
> Task :app:processDebugResources FAILED
> Task :app:mergeExtDexDebug
./gradlew : 
At line:1 char:1
+ ./gradlew assembleDebug > build_output.txt 2>&1
+ ~~~~~~~~~~~~~~~~~~~~~~~~~~~~~~~~~~~~~~~~~~~~~~~
    + CategoryInfo          : NotSpecified: (:String) [], 
RemoteExcepti    on
    + FullyQualifiedErrorId : NativeCommandError
 
FAILURE: Build failed with an exception.

* What went wrong:
Execution failed for task ':app:processDebugResources'.
> A failure occurred while executing com.android.build.gradle.internal
.res.LinkApplicationAndroidResourcesTask$TaskAction
   > Android resource linking failed
     ERROR: D:\studioProjects\fastprint2\app\src\main\res\layout\activ
ity_main.xml:128: AAPT: error: attribute snap (aka 
com.app.fastprint:snap) not found.
         
     ERROR: D:\studioProjects\fastprint2\app\src\main\res\layout\activ
ity_main.xml:128: AAPT: error: attribute fillColor (aka 
com.app.fastprint:fillColor) not found.
         
     ERROR: D:\studioProjects\fastprint2\app\src\main\res\layout\activ
ity_main.xml:128: AAPT: error: attribute centered (aka 
com.app.fastprint:centered) not found.
         
     ERROR: D:\studioProjects\fastprint2\app\src\main\res\layout\activ
ity_main.xml:128: AAPT: error: attribute pageColor (aka 
com.app.fastprint:pageColor) not found.
         
     ERROR: D:\studioProjects\fastprint2\app\src\main\res\layout\activ
ity_product_details.xml:170: AAPT: error: attribute snap (aka 
com.app.fastprint:snap) not found.
         
     ERROR: D:\studioProjects\fastprint2\app\src\main\res\layout\activ
ity_product_details.xml:170: AAPT: error: attribute fillColor (aka 
com.app.fastprint:fillColor) not found.
         
     ERROR: D:\studioProjects\fastprint2\app\src\main\res\layout\activ
ity_product_details.xml:170: AAPT: error: attribute centered (aka 
com.app.fastprint:centered) not found.
         
     ERROR: D:\studioProjects\fastprint2\app\src\main\res\layout\activ
ity_product_details.xml:170: AAPT: error: attribute pageColor (aka 
com.app.fastprint:pageColor) not found.
         
     ERROR: D:\studioProjects\fastprint2\app\src\main\res\layout\fragm
ent_main.xml:68: AAPT: error: attribute snap (aka 
com.app.fastprint:snap) not found.
         
     ERROR: D:\studioProjects\fastprint2\app\src\main\res\layout\fragm
ent_main.xml:68: AAPT: error: attribute fillColor (aka 
com.app.fastprint:fillColor) not found.
         
     ERROR: D:\studioProjects\fastprint2\app\src\main\res\layout\fragm
ent_main.xml:68: AAPT: error: attribute centered (aka 
com.app.fastprint:centered) not found.
         
     ERROR: D:\studioProjects\fastprint2\app\src\main\res\layout\fragm
ent_main.xml:68: AAPT: error: attribute pageColor (aka 
com.app.fastprint:pageColor) not found.
         

* Try:
> Run with --stacktrace option to get the stack trace.
> Run with --info or --debug option to get more log output.
> Run with --scan to get full insights.

* Get more help at https://help.gradle.org

BUILD FAILED in 32s
20 actionable tasks: 2 executed, 18 up-to-date
